
> backend@1.0.0 test
> cross-env NODE_ENV=test jest --runInBand --detectOpenHandles

FAIL tests/auth.test.js
  ΓùÅ Console

    console.log
      [dotenv@17.3.1] injecting env (4) from .env -- tip: ≡ƒñû agentic secret storage: https://dotenvx.com/as2

      at _log (node_modules/dotenv/lib/main.js:139:11)

  ΓùÅ Auth API ΓÇ║ should not register user with existing email

    ReferenceError: TEST_PASSWORD is not defined

      36 |         name: 'Another User',
      37 |         email: 'test@example.com',
    > 38 |         password: TEST_PASSWORD
         |                   ^
      39 |       });
      40 |     
      41 |     expect(res.statusCode).toEqual(400);

      at Object.TEST_PASSWORD (tests/auth.test.js:38:19)

FAIL tests/user.test.js
  ΓùÅ Console

    console.log
      [dotenv@17.3.1] injecting env (4) from .env -- tip: ≡ƒöÉ prevent building .env in docker: https://dotenvx.com/prebuild

      at _log (node_modules/dotenv/lib/main.js:139:11)

  ΓùÅ User API ΓÇ║ should deny access without token

    expect(received).toEqual(expected) // deep equality

    Expected: 401
    Received: 404

      34 |       .get('/api/users/profile');
      35 |     
    > 36 |     expect(res.statusCode).toEqual(401);
         |                            ^
      37 |   });
      38 | });
      39 |

      at Object.toEqual (tests/user.test.js:36:28)

Test Suites: 2 failed, 2 total
Tests:       2 failed, 3 passed, 5 total
Snapshots:   0 total
Time:        3.761 s, estimated 5 s
Ran all test suites.
